Guessed correctly, used 18.0710152419 penalty and 319 queries
Guessed correctly, used 18.5238336183 penalty and 340 queries
Guessed correctly, used 19.3099345597 penalty and 351 queries
Guessed correctly, used 20.0179007311 penalty and 332 queries
Guessed correctly, used 19.2980793975 penalty and 339 queries
Guessed correctly, used 20.6776608291 penalty and 318 queries
Guessed correctly, used 19.2306423101 penalty and 318 queries
Guessed correctly, used 21.1290589390 penalty and 343 queries
Guessed correctly, used 16.0964355295 penalty and 311 queries
Guessed correctly, used 19.8609765252 penalty and 334 queries
Guessed correctly, used 23.9313042583 penalty and 340 queries
Guessed correctly, used 20.7546178125 penalty and 322 queries
Guessed correctly, used 22.0277260513 penalty and 339 queries
Guessed correctly, used 20.4147110986 penalty and 332 queries
Guessed correctly, used 20.5278052424 penalty and 326 queries
Guessed correctly, used 17.5697721336 penalty and 322 queries
Guessed correctly, used 18.1282952888 penalty and 332 queries
Guessed correctly, used 17.0850759347 penalty and 312 queries
Guessed correctly, used 22.2440789865 penalty and 328 queries
Guessed correctly, used 18.4023047743 penalty and 317 queries
Guessed correctly, used 18.2803681649 penalty and 325 queries
Guessed correctly, used 23.0077959026 penalty and 347 queries
Guessed correctly, used 18.7948965394 penalty and 321 queries
Guessed correctly, used 21.1533941655 penalty and 317 queries
Guessed correctly, used 21.6429217726 penalty and 322 queries
Guessed correctly, used 17.7132614343 penalty and 316 queries
Guessed correctly, used 20.8404841415 penalty and 346 queries
Guessed correctly, used 19.3598719684 penalty and 355 queries
Guessed correctly, used 18.8384886135 penalty and 319 queries
Guessed correctly, used 23.3913213403 penalty and 357 queries
