Guessed correctly, used 22.5151676295 penalty and 349 queries
Guessed correctly, used 20.7351854407 penalty and 329 queries
Guessed correctly, used 18.4222307877 penalty and 339 queries
Guessed correctly, used 15.9310049871 penalty and 322 queries
Guessed correctly, used 17.9155769731 penalty and 335 queries
Guessed correctly, used 17.8966492137 penalty and 330 queries
Guessed correctly, used 19.1429662510 penalty and 331 queries
Guessed correctly, used 16.8904359280 penalty and 321 queries
Guessed correctly, used 18.4570386224 penalty and 349 queries
Guessed correctly, used 18.1502429306 penalty and 320 queries
Guessed correctly, used 20.3382757823 penalty and 328 queries
Guessed correctly, used 20.0877174608 penalty and 331 queries
Guessed correctly, used 16.6604170816 penalty and 336 queries
Guessed correctly, used 21.8289720494 penalty and 346 queries
Guessed correctly, used 15.7838835585 penalty and 326 queries
Guessed correctly, used 18.2640122114 penalty and 325 queries
Guessed correctly, used 18.7397735922 penalty and 327 queries
Guessed correctly, used 19.2698101029 penalty and 347 queries
Guessed correctly, used 19.1000227513 penalty and 345 queries
Guessed correctly, used 19.1850056359 penalty and 324 queries
Guessed correctly, used 19.2603482654 penalty and 323 queries
Guessed correctly, used 23.1188998088 penalty and 326 queries
Guessed correctly, used 20.6034707964 penalty and 331 queries
Guessed correctly, used 17.0241879769 penalty and 317 queries
Guessed correctly, used 21.9950287864 penalty and 322 queries
Guessed correctly, used 21.0373464124 penalty and 337 queries
Guessed correctly, used 16.6875203507 penalty and 307 queries
Guessed correctly, used 19.0694800194 penalty and 335 queries
Guessed correctly, used 18.5214570979 penalty and 318 queries
Guessed correctly, used 17.6532117094 penalty and 338 queries
