Guessed correctly, used 18.9371668444 penalty and 345 queries
Guessed correctly, used 18.9787806840 penalty and 327 queries
Guessed correctly, used 21.2180047414 penalty and 320 queries
Guessed correctly, used 24.6690938561 penalty and 352 queries
Guessed correctly, used 17.9172978025 penalty and 334 queries
Guessed correctly, used 18.3477333558 penalty and 330 queries
Guessed correctly, used 19.1809568104 penalty and 315 queries
Guessed correctly, used 18.5903789362 penalty and 334 queries
Guessed correctly, used 18.5453321129 penalty and 329 queries
Guessed correctly, used 19.1467314061 penalty and 325 queries
Guessed correctly, used 21.0944263443 penalty and 336 queries
Guessed correctly, used 22.2763888519 penalty and 343 queries
Guessed correctly, used 18.2029424972 penalty and 335 queries
Guessed correctly, used 18.5284856444 penalty and 337 queries
Guessed correctly, used 16.9820019658 penalty and 316 queries
Guessed correctly, used 20.1147997107 penalty and 317 queries
Guessed correctly, used 17.6830757313 penalty and 324 queries
Guessed correctly, used 20.2529379791 penalty and 338 queries
Guessed correctly, used 17.8128654706 penalty and 332 queries
Guessed correctly, used 17.5936434113 penalty and 321 queries
Guessed correctly, used 18.3395938982 penalty and 337 queries
Guessed correctly, used 17.2513320431 penalty and 303 queries
Guessed correctly, used 18.4739018195 penalty and 322 queries
Guessed correctly, used 21.6626282640 penalty and 346 queries
Guessed correctly, used 16.8375710418 penalty and 325 queries
Guessed correctly, used 20.3699051333 penalty and 330 queries
Guessed correctly, used 18.6444160205 penalty and 335 queries
Guessed correctly, used 18.3116740949 penalty and 345 queries
Guessed correctly, used 21.5964233985 penalty and 353 queries
Guessed correctly, used 23.5638136408 penalty and 334 queries
