Guessed correctly, used 21.6575127331 penalty and 343 queries
Guessed correctly, used 21.5637639856 penalty and 320 queries
Guessed correctly, used 22.2615635644 penalty and 327 queries
Guessed correctly, used 22.5067874250 penalty and 328 queries
Guessed correctly, used 17.2206592564 penalty and 307 queries
Guessed correctly, used 21.9772300539 penalty and 350 queries
Guessed correctly, used 20.3807687328 penalty and 329 queries
Guessed correctly, used 18.6542391950 penalty and 309 queries
Guessed correctly, used 21.3581960835 penalty and 329 queries
Guessed correctly, used 17.4378223544 penalty and 330 queries
Guessed correctly, used 19.7942492682 penalty and 321 queries
Guessed correctly, used 19.9925626676 penalty and 331 queries
Guessed correctly, used 19.3628353051 penalty and 341 queries
Guessed correctly, used 20.8947235991 penalty and 350 queries
Guessed correctly, used 17.7233298870 penalty and 313 queries
Guessed correctly, used 20.4177944089 penalty and 325 queries
Guessed correctly, used 18.1125475548 penalty and 306 queries
Guessed correctly, used 20.0574175615 penalty and 332 queries
Guessed correctly, used 22.4429424849 penalty and 323 queries
Guessed correctly, used 19.4493224234 penalty and 337 queries
Guessed correctly, used 22.1142596638 penalty and 318 queries
Guessed correctly, used 19.7735510023 penalty and 327 queries
Guessed correctly, used 17.7730825045 penalty and 338 queries
Guessed correctly, used 16.2793604978 penalty and 334 queries
Guessed correctly, used 18.8438276440 penalty and 330 queries
Guessed correctly, used 20.5707202164 penalty and 336 queries
Guessed correctly, used 22.9147953349 penalty and 329 queries
Guessed correctly, used 19.1898578541 penalty and 338 queries
Guessed correctly, used 20.2894058941 penalty and 321 queries
Guessed correctly, used 19.9648423177 penalty and 316 queries
