Guessed correctly, used 21.1972550730 penalty and 337 queries
Guessed correctly, used 18.0600117618 penalty and 327 queries
Guessed correctly, used 20.2547943525 penalty and 320 queries
Guessed correctly, used 16.4318363712 penalty and 330 queries
Guessed correctly, used 15.9485518512 penalty and 325 queries
Guessed correctly, used 20.6559082037 penalty and 326 queries
Guessed correctly, used 17.5997642848 penalty and 314 queries
Guessed correctly, used 16.4030703898 penalty and 326 queries
Guessed correctly, used 18.0838811649 penalty and 334 queries
Guessed correctly, used 23.1611443724 penalty and 368 queries
Guessed correctly, used 18.1803654733 penalty and 340 queries
Guessed correctly, used 18.3210435155 penalty and 346 queries
Guessed correctly, used 18.1672019946 penalty and 341 queries
Guessed correctly, used 19.4443514118 penalty and 315 queries
Guessed correctly, used 20.3695786061 penalty and 333 queries
Guessed correctly, used 18.7083341667 penalty and 326 queries
Guessed correctly, used 22.5419155197 penalty and 341 queries
Guessed correctly, used 18.6553377333 penalty and 320 queries
Guessed correctly, used 15.9424112369 penalty and 315 queries
Guessed correctly, used 18.5288384652 penalty and 323 queries
Guessed correctly, used 17.3634248952 penalty and 325 queries
Guessed correctly, used 22.1670753825 penalty and 335 queries
Guessed correctly, used 20.8742869066 penalty and 352 queries
Guessed correctly, used 19.5837449545 penalty and 350 queries
Guessed correctly, used 19.0698133630 penalty and 332 queries
Guessed correctly, used 22.0628515085 penalty and 333 queries
Guessed correctly, used 19.7895171883 penalty and 337 queries
Guessed correctly, used 19.6602564817 penalty and 318 queries
Guessed correctly, used 17.4954232856 penalty and 321 queries
Guessed correctly, used 20.8884290913 penalty and 345 queries
