Guessed correctly, used 21.6459045105 penalty and 340 queries
Guessed correctly, used 19.7541474989 penalty and 329 queries
Guessed correctly, used 18.4750950278 penalty and 325 queries
Guessed correctly, used 18.7766472466 penalty and 311 queries
Guessed correctly, used 23.2516997553 penalty and 321 queries
Guessed correctly, used 18.8844714699 penalty and 333 queries
Guessed correctly, used 21.0353482959 penalty and 317 queries
Guessed correctly, used 17.9452632815 penalty and 319 queries
Guessed correctly, used 16.2622665648 penalty and 324 queries
Guessed correctly, used 18.0005876905 penalty and 338 queries
Guessed correctly, used 20.3546526627 penalty and 328 queries
Guessed correctly, used 19.6326977154 penalty and 326 queries
Guessed correctly, used 21.5560435210 penalty and 320 queries
Guessed correctly, used 17.5262348923 penalty and 328 queries
Guessed correctly, used 16.1974329090 penalty and 319 queries
Guessed correctly, used 22.1445645600 penalty and 345 queries
Guessed correctly, used 20.5558564348 penalty and 336 queries
Guessed correctly, used 17.4280960111 penalty and 314 queries
Guessed correctly, used 21.3938911247 penalty and 338 queries
Guessed correctly, used 21.0067691989 penalty and 330 queries
Guessed correctly, used 20.3302028061 penalty and 339 queries
Guessed correctly, used 18.5937401886 penalty and 336 queries
Guessed correctly, used 20.5806760397 penalty and 342 queries
Guessed correctly, used 23.7094733959 penalty and 340 queries
Guessed correctly, used 18.5327034632 penalty and 336 queries
Guessed correctly, used 21.8319688629 penalty and 311 queries
Guessed correctly, used 22.9944172257 penalty and 339 queries
Guessed correctly, used 19.6795271211 penalty and 337 queries
Guessed correctly, used 18.2526406712 penalty and 330 queries
Guessed correctly, used 18.1504854448 penalty and 329 queries
