Guessed correctly, used 20.4013380533 penalty and 345 queries
Guessed correctly, used 17.8629298204 penalty and 326 queries
Guessed correctly, used 22.5601892993 penalty and 335 queries
Guessed correctly, used 18.7513481374 penalty and 321 queries
Guessed correctly, used 17.2141028378 penalty and 322 queries
Guessed correctly, used 19.6873591818 penalty and 333 queries
Guessed correctly, used 20.9598113034 penalty and 336 queries
Guessed correctly, used 22.9904072295 penalty and 331 queries
Guessed correctly, used 19.5042667081 penalty and 337 queries
Guessed correctly, used 17.9526341264 penalty and 330 queries
Guessed correctly, used 20.5035421669 penalty and 368 queries
Guessed correctly, used 20.7040245568 penalty and 345 queries
Guessed correctly, used 20.5487114640 penalty and 348 queries
Guessed correctly, used 19.3626971835 penalty and 322 queries
Guessed correctly, used 19.8859022289 penalty and 321 queries
Guessed correctly, used 21.3225090640 penalty and 330 queries
Guessed correctly, used 16.5285685965 penalty and 322 queries
Guessed correctly, used 23.7216274359 penalty and 359 queries
Guessed correctly, used 18.2789691783 penalty and 349 queries
Guessed correctly, used 26.3688118829 penalty and 334 queries
Guessed correctly, used 18.2543121471 penalty and 330 queries
Guessed correctly, used 20.5120301572 penalty and 352 queries
Guessed correctly, used 20.8938648952 penalty and 330 queries
Guessed correctly, used 23.6384365904 penalty and 322 queries
Guessed correctly, used 19.4072813865 penalty and 347 queries
Guessed correctly, used 20.6549831331 penalty and 327 queries
Guessed correctly, used 18.6144095245 penalty and 311 queries
Guessed correctly, used 19.2119263590 penalty and 324 queries
Guessed correctly, used 19.5996996887 penalty and 324 queries
Guessed correctly, used 18.7600640687 penalty and 326 queries
