Guessed correctly, used 19.7657887502 penalty and 337 queries
Guessed correctly, used 18.5729646509 penalty and 319 queries
Guessed correctly, used 18.2899269505 penalty and 332 queries
Guessed correctly, used 19.2841393987 penalty and 327 queries
Guessed correctly, used 23.0246731210 penalty and 325 queries
Guessed correctly, used 20.7210308392 penalty and 315 queries
Guessed correctly, used 19.8707528356 penalty and 333 queries
Guessed correctly, used 19.0688332632 penalty and 334 queries
Guessed correctly, used 20.2283827000 penalty and 332 queries
Guessed correctly, used 18.9256874261 penalty and 314 queries
Guessed correctly, used 19.9824590170 penalty and 321 queries
Guessed correctly, used 18.5145020013 penalty and 313 queries
Guessed correctly, used 19.4839256552 penalty and 334 queries
Guessed correctly, used 22.0953018555 penalty and 333 queries
Guessed correctly, used 17.6275181008 penalty and 324 queries
Guessed correctly, used 20.9738857229 penalty and 320 queries
Guessed correctly, used 22.8582854597 penalty and 347 queries
Guessed correctly, used 20.5651375300 penalty and 341 queries
Guessed correctly, used 19.9719539712 penalty and 337 queries
Guessed correctly, used 16.8479515551 penalty and 314 queries
Guessed correctly, used 16.7242165502 penalty and 320 queries
Guessed correctly, used 22.0317095658 penalty and 352 queries
Guessed correctly, used 22.7027766487 penalty and 347 queries
Guessed correctly, used 17.9728737930 penalty and 332 queries
Guessed correctly, used 18.4781229567 penalty and 329 queries
Guessed correctly, used 18.9724934957 penalty and 333 queries
Guessed correctly, used 17.4909698185 penalty and 316 queries
Guessed correctly, used 18.5474285874 penalty and 333 queries
Guessed correctly, used 24.4425069022 penalty and 342 queries
Guessed correctly, used 21.4448849582 penalty and 334 queries
