Guessed correctly, used 19.4898117487 penalty and 339 queries
Guessed correctly, used 18.7347080162 penalty and 345 queries
Guessed correctly, used 18.7077927987 penalty and 333 queries
Guessed correctly, used 21.2461129324 penalty and 333 queries
Guessed correctly, used 17.8250712249 penalty and 314 queries
Guessed correctly, used 22.0772868759 penalty and 339 queries
Guessed correctly, used 17.2822263656 penalty and 318 queries
Guessed correctly, used 17.5903883952 penalty and 323 queries
Guessed correctly, used 20.3778075106 penalty and 314 queries
Guessed correctly, used 18.1766572787 penalty and 325 queries
Guessed correctly, used 20.5752962716 penalty and 340 queries
Guessed correctly, used 22.6440749339 penalty and 362 queries
Guessed correctly, used 25.1122028390 penalty and 354 queries
Guessed correctly, used 18.2074952482 penalty and 327 queries
Guessed correctly, used 18.9600239929 penalty and 332 queries
Guessed correctly, used 17.3245633160 penalty and 326 queries
Guessed correctly, used 21.7794232996 penalty and 333 queries
Guessed correctly, used 18.7602310373 penalty and 333 queries
Guessed correctly, used 19.8409136623 penalty and 335 queries
Guessed correctly, used 18.2011363522 penalty and 315 queries
Guessed correctly, used 21.5321598082 penalty and 348 queries
Guessed correctly, used 22.1783697374 penalty and 336 queries
Guessed correctly, used 22.0090707014 penalty and 344 queries
Guessed correctly, used 25.9467432039 penalty and 350 queries
Guessed correctly, used 18.8764659284 penalty and 336 queries
Guessed correctly, used 23.4194846013 penalty and 326 queries
Guessed correctly, used 19.1994618261 penalty and 316 queries
Guessed correctly, used 21.0827655004 penalty and 333 queries
Guessed correctly, used 20.3496452969 penalty and 329 queries
Guessed correctly, used 18.1722763551 penalty and 333 queries
