Guessed correctly, used 17.1282769911 penalty and 316 queries
Guessed correctly, used 20.4398671923 penalty and 320 queries
Guessed correctly, used 19.7745627479 penalty and 342 queries
Guessed correctly, used 19.1569519803 penalty and 337 queries
Guessed correctly, used 23.6915552622 penalty and 337 queries
Guessed correctly, used 19.6862472165 penalty and 305 queries
Guessed correctly, used 19.6283785385 penalty and 346 queries
Guessed correctly, used 18.0538542815 penalty and 328 queries
Guessed correctly, used 21.4742059662 penalty and 342 queries
Guessed correctly, used 17.4428363353 penalty and 316 queries
Guessed correctly, used 18.9624976383 penalty and 323 queries
Guessed correctly, used 16.1139577122 penalty and 310 queries
Guessed correctly, used 18.8111223166 penalty and 343 queries
Guessed correctly, used 20.5448508419 penalty and 342 queries
Guessed correctly, used 17.5277895590 penalty and 328 queries
Guessed correctly, used 21.3355550598 penalty and 315 queries
Guessed correctly, used 19.0442442343 penalty and 326 queries
Guessed correctly, used 21.8888400535 penalty and 332 queries
Guessed correctly, used 18.2301732025 penalty and 326 queries
Guessed correctly, used 19.3117339311 penalty and 329 queries
Guessed correctly, used 20.1940455958 penalty and 338 queries
Guessed correctly, used 19.5755994285 penalty and 328 queries
Guessed correctly, used 16.6241155728 penalty and 313 queries
Guessed correctly, used 22.3889729065 penalty and 341 queries
Guessed correctly, used 18.9102405194 penalty and 327 queries
Guessed correctly, used 17.5538443172 penalty and 346 queries
Guessed correctly, used 16.6770053022 penalty and 323 queries
Guessed correctly, used 18.3138750946 penalty and 311 queries
Guessed correctly, used 20.0214656483 penalty and 334 queries
Guessed correctly, used 20.3747041967 penalty and 359 queries
