Guessed correctly, used 19.6387274754 penalty and 314 queries
Guessed correctly, used 17.0545367268 penalty and 328 queries
Guessed correctly, used 22.2758260674 penalty and 336 queries
Guessed correctly, used 18.5558491059 penalty and 325 queries
Guessed correctly, used 19.0775635699 penalty and 337 queries
Guessed correctly, used 20.8480227230 penalty and 335 queries
Guessed correctly, used 22.1454298154 penalty and 334 queries
Guessed correctly, used 21.1898061045 penalty and 348 queries
Guessed correctly, used 22.5584006324 penalty and 334 queries
Guessed correctly, used 19.3179411466 penalty and 336 queries
Guessed correctly, used 22.8881441432 penalty and 358 queries
Guessed correctly, used 16.9926065718 penalty and 310 queries
Guessed correctly, used 20.7268437288 penalty and 330 queries
Guessed correctly, used 18.9866397260 penalty and 357 queries
Guessed correctly, used 20.8609943695 penalty and 352 queries
Guessed correctly, used 18.5037539963 penalty and 333 queries
Guessed correctly, used 16.2442484278 penalty and 324 queries
Guessed correctly, used 23.0566825607 penalty and 332 queries
Guessed correctly, used 19.0027202724 penalty and 327 queries
Guessed correctly, used 17.7907031518 penalty and 334 queries
Guessed correctly, used 17.0664436792 penalty and 327 queries
Guessed correctly, used 20.9122199578 penalty and 312 queries
Guessed correctly, used 19.1484541387 penalty and 321 queries
Guessed correctly, used 20.7595183106 penalty and 335 queries
Guessed correctly, used 18.6328182174 penalty and 334 queries
Guessed correctly, used 20.4198081001 penalty and 334 queries
Guessed correctly, used 17.1747276680 penalty and 331 queries
Guessed correctly, used 17.7205582703 penalty and 320 queries
Guessed correctly, used 17.0538786911 penalty and 323 queries
Guessed correctly, used 20.4065495584 penalty and 338 queries
