Guessed correctly, used 19.9441743172 penalty and 332 queries
Guessed correctly, used 19.9894552062 penalty and 345 queries
Guessed correctly, used 18.8477199770 penalty and 326 queries
Guessed correctly, used 17.6740074010 penalty and 325 queries
Guessed correctly, used 16.0194450273 penalty and 318 queries
Guessed correctly, used 18.4145195791 penalty and 348 queries
Guessed correctly, used 22.6130173530 penalty and 321 queries
Guessed correctly, used 19.5291386243 penalty and 312 queries
Guessed correctly, used 26.0813346815 penalty and 351 queries
Guessed correctly, used 18.3825112305 penalty and 327 queries
Guessed correctly, used 21.9299509610 penalty and 336 queries
Guessed correctly, used 21.9848739968 penalty and 342 queries
Guessed correctly, used 18.1994630862 penalty and 337 queries
Guessed correctly, used 20.0619970051 penalty and 325 queries
Guessed correctly, used 19.3079325378 penalty and 332 queries
Guessed correctly, used 19.6366240225 penalty and 322 queries
Guessed correctly, used 17.8675393103 penalty and 341 queries
Guessed correctly, used 18.5629009213 penalty and 333 queries
Guessed correctly, used 18.9576827177 penalty and 322 queries
Guessed correctly, used 20.6885075212 penalty and 331 queries
Guessed correctly, used 19.6875735215 penalty and 321 queries
Guessed correctly, used 21.0402110505 penalty and 337 queries
Guessed correctly, used 21.6604370820 penalty and 320 queries
Guessed correctly, used 20.4432796551 penalty and 320 queries
Guessed correctly, used 23.0489016137 penalty and 338 queries
Guessed correctly, used 19.5622938549 penalty and 316 queries
Guessed correctly, used 19.3052070231 penalty and 339 queries
Guessed correctly, used 17.4720558651 penalty and 318 queries
Guessed correctly, used 19.2385635226 penalty and 327 queries
Guessed correctly, used 14.7100682093 penalty and 333 queries
