Guessed correctly, used 19.6946768596 penalty and 335 queries
Guessed correctly, used 19.1651426198 penalty and 335 queries
Guessed correctly, used 18.5715835696 penalty and 327 queries
Guessed correctly, used 18.6239398396 penalty and 332 queries
Guessed correctly, used 16.9028409091 penalty and 332 queries
Guessed correctly, used 20.1662595690 penalty and 330 queries
Guessed correctly, used 21.5980846283 penalty and 327 queries
Guessed correctly, used 19.1888016863 penalty and 325 queries
Guessed correctly, used 19.3270920486 penalty and 328 queries
Guessed correctly, used 18.9782416301 penalty and 323 queries
Guessed correctly, used 18.7345136138 penalty and 342 queries
Guessed correctly, used 15.4106426203 penalty and 325 queries
Guessed correctly, used 20.8645949364 penalty and 355 queries
Guessed correctly, used 18.6941453936 penalty and 332 queries
Guessed correctly, used 21.8519570349 penalty and 332 queries
Guessed correctly, used 23.6093315741 penalty and 330 queries
Guessed correctly, used 19.5604793998 penalty and 318 queries
Guessed correctly, used 20.6452462661 penalty and 327 queries
Guessed correctly, used 21.3305844416 penalty and 327 queries
Guessed correctly, used 15.8552338002 penalty and 305 queries
Guessed correctly, used 19.7203482048 penalty and 317 queries
Guessed correctly, used 18.8609570832 penalty and 328 queries
Guessed correctly, used 20.0328402769 penalty and 327 queries
Guessed correctly, used 17.0210122591 penalty and 321 queries
Guessed correctly, used 19.5760187924 penalty and 349 queries
Guessed correctly, used 17.5518071193 penalty and 313 queries
Guessed correctly, used 20.0028187441 penalty and 335 queries
Guessed correctly, used 21.4494391106 penalty and 330 queries
Guessed correctly, used 19.4584669218 penalty and 330 queries
Guessed correctly, used 19.3680252212 penalty and 342 queries
