Guessed correctly, used 21.2169837985 penalty and 348 queries
Guessed correctly, used 20.9369817010 penalty and 313 queries
Guessed correctly, used 19.6796654175 penalty and 332 queries
Guessed correctly, used 22.2152153439 penalty and 333 queries
Guessed correctly, used 19.5658116710 penalty and 327 queries
Guessed correctly, used 21.7213416175 penalty and 337 queries
Guessed correctly, used 17.0607100148 penalty and 340 queries
Guessed correctly, used 20.8970536409 penalty and 331 queries
Guessed correctly, used 16.2994818909 penalty and 297 queries
Guessed correctly, used 19.7224249716 penalty and 348 queries
Guessed correctly, used 18.9148657918 penalty and 308 queries
Guessed correctly, used 20.4463888461 penalty and 324 queries
Guessed correctly, used 20.4414082115 penalty and 333 queries
Guessed correctly, used 18.7728773788 penalty and 316 queries
Guessed correctly, used 19.0064096621 penalty and 340 queries
Guessed correctly, used 20.1056932142 penalty and 324 queries
Guessed correctly, used 20.0134479446 penalty and 312 queries
Guessed correctly, used 18.6181028119 penalty and 323 queries
Guessed correctly, used 19.6754411342 penalty and 319 queries
Guessed correctly, used 17.4673028562 penalty and 320 queries
Guessed correctly, used 20.6987449753 penalty and 320 queries
Guessed correctly, used 19.2517992047 penalty and 331 queries
Guessed correctly, used 18.8644589889 penalty and 338 queries
Guessed correctly, used 18.5433218780 penalty and 340 queries
Guessed correctly, used 22.2401559550 penalty and 343 queries
Guessed correctly, used 20.5844628890 penalty and 334 queries
Guessed correctly, used 16.7685985067 penalty and 318 queries
Guessed correctly, used 20.6701344228 penalty and 331 queries
Guessed correctly, used 20.5920649324 penalty and 327 queries
Guessed correctly, used 18.2767611714 penalty and 320 queries
