Guessed correctly, used 18.7779016498 penalty and 332 queries
Guessed correctly, used 18.5025895692 penalty and 316 queries
Guessed correctly, used 22.2763691696 penalty and 347 queries
Guessed correctly, used 17.6182560547 penalty and 331 queries
Guessed correctly, used 19.1314212942 penalty and 313 queries
Guessed correctly, used 18.2500042267 penalty and 331 queries
Guessed correctly, used 17.9613217435 penalty and 340 queries
Guessed correctly, used 23.2459983219 penalty and 325 queries
Guessed correctly, used 19.7692563800 penalty and 326 queries
Guessed correctly, used 19.7445519764 penalty and 325 queries
Guessed correctly, used 17.6072427117 penalty and 345 queries
Guessed correctly, used 20.8062269947 penalty and 312 queries
Guessed correctly, used 19.5676311313 penalty and 334 queries
Guessed correctly, used 18.7622695658 penalty and 340 queries
Guessed correctly, used 21.5527583440 penalty and 323 queries
Guessed correctly, used 19.2398354757 penalty and 336 queries
Guessed correctly, used 20.4511579195 penalty and 331 queries
Guessed correctly, used 17.0421946954 penalty and 321 queries
Guessed correctly, used 22.4129677199 penalty and 340 queries
Guessed correctly, used 20.3178063831 penalty and 325 queries
Guessed correctly, used 19.2780690692 penalty and 329 queries
Guessed correctly, used 19.4956487935 penalty and 341 queries
Guessed correctly, used 16.6274675954 penalty and 322 queries
Guessed correctly, used 18.8730406972 penalty and 323 queries
Guessed correctly, used 17.7824222768 penalty and 334 queries
Guessed correctly, used 19.0533614694 penalty and 323 queries
Guessed correctly, used 16.9487635287 penalty and 331 queries
Guessed correctly, used 20.2296232066 penalty and 335 queries
Guessed correctly, used 21.2531538592 penalty and 338 queries
Guessed correctly, used 19.1645858283 penalty and 329 queries
