Guessed correctly, used 19.0668080765 penalty and 308 queries
Guessed correctly, used 17.7973982267 penalty and 329 queries
Guessed correctly, used 19.6096165545 penalty and 343 queries
Guessed correctly, used 18.2484885619 penalty and 311 queries
Guessed correctly, used 22.3652167354 penalty and 341 queries
Guessed correctly, used 17.6727027303 penalty and 329 queries
Guessed correctly, used 23.6430743306 penalty and 336 queries
Guessed correctly, used 19.1869434232 penalty and 331 queries
Guessed correctly, used 18.7418446087 penalty and 334 queries
Guessed correctly, used 20.7327301824 penalty and 330 queries
Guessed correctly, used 18.9892610624 penalty and 334 queries
Guessed correctly, used 19.6359310737 penalty and 326 queries
Guessed correctly, used 20.8991834412 penalty and 324 queries
Guessed correctly, used 17.3089034934 penalty and 324 queries
Guessed correctly, used 17.9694575066 penalty and 325 queries
Guessed correctly, used 17.8244114523 penalty and 339 queries
Guessed correctly, used 16.6022448043 penalty and 315 queries
Guessed correctly, used 19.0447078626 penalty and 355 queries
Guessed correctly, used 22.6855314060 penalty and 337 queries
Guessed correctly, used 20.8507302699 penalty and 329 queries
Guessed correctly, used 20.4200331818 penalty and 312 queries
Guessed correctly, used 17.8311779864 penalty and 327 queries
Guessed correctly, used 18.9395787332 penalty and 335 queries
Guessed correctly, used 17.5221996422 penalty and 331 queries
Guessed correctly, used 22.4332173302 penalty and 344 queries
Guessed correctly, used 20.5932216960 penalty and 334 queries
Guessed correctly, used 17.7159609105 penalty and 318 queries
Guessed correctly, used 18.2159165665 penalty and 321 queries
Guessed correctly, used 20.1427235718 penalty and 342 queries
Guessed correctly, used 19.3738012426 penalty and 344 queries
