Guessed correctly, used 20.1562523203 penalty and 330 queries
Guessed correctly, used 19.4723866942 penalty and 315 queries
Guessed correctly, used 19.4427706628 penalty and 346 queries
Guessed correctly, used 18.0027974426 penalty and 319 queries
Guessed correctly, used 19.5095982030 penalty and 348 queries
Guessed correctly, used 15.9244589685 penalty and 309 queries
Guessed correctly, used 16.9759866588 penalty and 319 queries
Guessed correctly, used 21.0452786253 penalty and 329 queries
Guessed correctly, used 20.5822282289 penalty and 327 queries
Guessed correctly, used 20.9919089659 penalty and 325 queries
Guessed correctly, used 18.8591064873 penalty and 325 queries
Guessed correctly, used 17.8263991845 penalty and 313 queries
Guessed correctly, used 18.4856355085 penalty and 346 queries
Guessed correctly, used 18.3975072258 penalty and 332 queries
Guessed correctly, used 21.1703752619 penalty and 325 queries
Guessed correctly, used 21.6328735105 penalty and 333 queries
Guessed correctly, used 18.5321880490 penalty and 339 queries
Guessed correctly, used 24.1617568956 penalty and 342 queries
Guessed correctly, used 16.6614829395 penalty and 326 queries
Guessed correctly, used 17.3886901550 penalty and 321 queries
Guessed correctly, used 18.1601144513 penalty and 336 queries
Guessed correctly, used 19.2841918628 penalty and 344 queries
Guessed correctly, used 18.8331734119 penalty and 321 queries
Guessed correctly, used 17.4346485196 penalty and 323 queries
Guessed correctly, used 20.5092972668 penalty and 336 queries
Guessed correctly, used 21.8551591032 penalty and 348 queries
Guessed correctly, used 20.4854739249 penalty and 317 queries
Guessed correctly, used 18.5837470447 penalty and 315 queries
Guessed correctly, used 18.6928434883 penalty and 317 queries
Guessed correctly, used 21.6447940135 penalty and 317 queries
