Guessed correctly, used 24.0191401393 penalty and 321 queries
Guessed correctly, used 19.5164774057 penalty and 331 queries
Guessed correctly, used 22.8523781294 penalty and 340 queries
Guessed correctly, used 17.6188317061 penalty and 317 queries
Guessed correctly, used 21.1003262134 penalty and 334 queries
Guessed correctly, used 18.7251780099 penalty and 336 queries
Guessed correctly, used 17.5567437441 penalty and 336 queries
Guessed correctly, used 19.8021389490 penalty and 318 queries
Guessed correctly, used 20.8615862376 penalty and 327 queries
Guessed correctly, used 19.5531119304 penalty and 354 queries
Guessed correctly, used 20.2547627353 penalty and 334 queries
Guessed correctly, used 17.5389535932 penalty and 319 queries
Guessed correctly, used 20.2070352231 penalty and 350 queries
Guessed correctly, used 18.6514509424 penalty and 335 queries
Guessed correctly, used 22.3402615754 penalty and 339 queries
Guessed correctly, used 19.0363002625 penalty and 323 queries
Guessed correctly, used 21.8744026756 penalty and 319 queries
Guessed correctly, used 18.2728857235 penalty and 351 queries
Guessed correctly, used 22.7163291041 penalty and 337 queries
Guessed correctly, used 19.9515605702 penalty and 340 queries
Guessed correctly, used 22.5367493958 penalty and 346 queries
Guessed correctly, used 16.3805777757 penalty and 322 queries
Guessed correctly, used 20.9001146776 penalty and 345 queries
Guessed correctly, used 19.6383991485 penalty and 321 queries
Guessed correctly, used 19.5864979511 penalty and 319 queries
Guessed correctly, used 19.7713934858 penalty and 324 queries
Guessed correctly, used 18.8295058001 penalty and 356 queries
Guessed correctly, used 18.7558889584 penalty and 327 queries
Guessed correctly, used 24.1105793185 penalty and 324 queries
Guessed correctly, used 18.7582377550 penalty and 327 queries
