Guessed correctly, used 20.9249252242 penalty and 321 queries
Guessed correctly, used 17.5398460740 penalty and 328 queries
Guessed correctly, used 18.8237500676 penalty and 328 queries
Guessed correctly, used 20.0685190898 penalty and 327 queries
Guessed correctly, used 19.0368341854 penalty and 321 queries
Guessed correctly, used 19.9469311995 penalty and 336 queries
Guessed correctly, used 16.8547225622 penalty and 315 queries
Guessed correctly, used 21.4826021723 penalty and 320 queries
Guessed correctly, used 21.6450780731 penalty and 323 queries
Guessed correctly, used 17.4045409195 penalty and 316 queries
Guessed correctly, used 16.3372563976 penalty and 327 queries
Guessed correctly, used 22.7835629918 penalty and 353 queries
Guessed correctly, used 21.8287682971 penalty and 335 queries
Guessed correctly, used 19.3986239789 penalty and 330 queries
Guessed correctly, used 22.2646219625 penalty and 328 queries
Guessed correctly, used 20.9070517359 penalty and 323 queries
Guessed correctly, used 17.7100066058 penalty and 330 queries
Guessed correctly, used 24.9540710443 penalty and 353 queries
Guessed correctly, used 17.6708690009 penalty and 318 queries
Guessed correctly, used 17.7785731481 penalty and 326 queries
Guessed correctly, used 17.7337617849 penalty and 348 queries
Guessed correctly, used 14.5570917092 penalty and 326 queries
Guessed correctly, used 19.1725233635 penalty and 327 queries
Guessed correctly, used 19.6451755071 penalty and 330 queries
Guessed correctly, used 19.5907588631 penalty and 341 queries
Guessed correctly, used 20.4415282163 penalty and 336 queries
Guessed correctly, used 17.9657321925 penalty and 328 queries
Guessed correctly, used 17.7953820512 penalty and 321 queries
Guessed correctly, used 16.8857408235 penalty and 323 queries
Guessed correctly, used 23.9451247765 penalty and 336 queries
