Guessed correctly, used 19.8061091599 penalty and 328 queries
Guessed correctly, used 20.3600002836 penalty and 338 queries
Guessed correctly, used 18.7329502738 penalty and 322 queries
Guessed correctly, used 21.9680272383 penalty and 346 queries
Guessed correctly, used 18.7565299737 penalty and 321 queries
Guessed correctly, used 17.3493227092 penalty and 332 queries
Guessed correctly, used 17.5371779718 penalty and 336 queries
Guessed correctly, used 17.7231013730 penalty and 315 queries
Guessed correctly, used 18.5337940946 penalty and 329 queries
Guessed correctly, used 19.1891849619 penalty and 336 queries
Guessed correctly, used 21.3793703127 penalty and 321 queries
Guessed correctly, used 20.2313242716 penalty and 332 queries
Guessed correctly, used 17.9413135327 penalty and 340 queries
Guessed correctly, used 19.6949702077 penalty and 319 queries
Guessed correctly, used 20.1033958368 penalty and 345 queries
Guessed correctly, used 20.9224772434 penalty and 345 queries
Guessed correctly, used 21.2551129718 penalty and 340 queries
Guessed correctly, used 20.2483970902 penalty and 336 queries
Guessed correctly, used 23.5148925277 penalty and 344 queries
Guessed correctly, used 21.1360336338 penalty and 329 queries
Guessed correctly, used 18.8426646755 penalty and 328 queries
Guessed correctly, used 19.0017013745 penalty and 333 queries
Guessed correctly, used 21.9049510761 penalty and 313 queries
Guessed correctly, used 18.7282453241 penalty and 314 queries
Guessed correctly, used 20.5601657916 penalty and 336 queries
Guessed correctly, used 19.7849196669 penalty and 336 queries
Guessed correctly, used 20.5781625185 penalty and 326 queries
Guessed correctly, used 18.9913378373 penalty and 320 queries
Guessed correctly, used 19.3432602129 penalty and 336 queries
Guessed correctly, used 21.6154441869 penalty and 326 queries
