Guessed correctly, used 19.3624946152 penalty and 326 queries
Guessed correctly, used 17.2396274471 penalty and 324 queries
Guessed correctly, used 18.4197580201 penalty and 320 queries
Guessed correctly, used 21.1566710228 penalty and 331 queries
Guessed correctly, used 17.3611806727 penalty and 329 queries
Guessed correctly, used 23.8023157796 penalty and 342 queries
Guessed correctly, used 19.8861939707 penalty and 324 queries
Guessed correctly, used 21.7211692632 penalty and 339 queries
Guessed correctly, used 21.3004147288 penalty and 335 queries
Guessed correctly, used 17.8333763053 penalty and 318 queries
Guessed correctly, used 17.4569452751 penalty and 325 queries
Guessed correctly, used 22.3714708363 penalty and 327 queries
Guessed correctly, used 21.3893306843 penalty and 340 queries
Guessed correctly, used 18.7833102980 penalty and 324 queries
Guessed correctly, used 20.8224622166 penalty and 331 queries
Guessed correctly, used 17.9542967713 penalty and 317 queries
Guessed correctly, used 17.0970859147 penalty and 340 queries
Guessed correctly, used 20.0405604206 penalty and 333 queries
Guessed correctly, used 20.7806149357 penalty and 345 queries
Guessed correctly, used 17.0584689626 penalty and 318 queries
Guessed correctly, used 21.2495827090 penalty and 336 queries
Guessed correctly, used 18.1739106298 penalty and 332 queries
Guessed correctly, used 19.9930385840 penalty and 322 queries
Guessed correctly, used 19.5918331970 penalty and 333 queries
Guessed correctly, used 19.4611827882 penalty and 331 queries
Guessed correctly, used 24.7678671403 penalty and 329 queries
Guessed correctly, used 21.1053577122 penalty and 349 queries
Guessed correctly, used 17.8134731131 penalty and 321 queries
Guessed correctly, used 17.8508036065 penalty and 326 queries
Guessed correctly, used 18.6467075268 penalty and 327 queries
