Guessed correctly, used 18.6177894995 penalty and 331 queries
Guessed correctly, used 23.6960630316 penalty and 324 queries
Guessed correctly, used 21.3916893224 penalty and 325 queries
Guessed correctly, used 21.7574180388 penalty and 331 queries
Guessed correctly, used 18.1632431483 penalty and 325 queries
Guessed correctly, used 20.9890652126 penalty and 340 queries
Guessed correctly, used 18.3770012802 penalty and 346 queries
Guessed correctly, used 17.7715072336 penalty and 320 queries
Guessed correctly, used 21.1591307173 penalty and 332 queries
Guessed correctly, used 19.6423633377 penalty and 333 queries
Guessed correctly, used 20.7034592669 penalty and 352 queries
Guessed correctly, used 21.3671578422 penalty and 319 queries
Guessed correctly, used 18.1737092775 penalty and 344 queries
Guessed correctly, used 21.3346096339 penalty and 330 queries
Guessed correctly, used 21.6948470152 penalty and 335 queries
Guessed correctly, used 22.1871860115 penalty and 314 queries
Guessed correctly, used 19.6928624595 penalty and 333 queries
Guessed correctly, used 19.0544475451 penalty and 322 queries
Guessed correctly, used 18.9280256109 penalty and 316 queries
Guessed correctly, used 17.2937760783 penalty and 326 queries
Guessed correctly, used 18.2762023559 penalty and 333 queries
Guessed correctly, used 18.4742361410 penalty and 321 queries
Guessed correctly, used 20.1729653396 penalty and 336 queries
Guessed correctly, used 20.4575073475 penalty and 330 queries
Guessed correctly, used 20.7016126258 penalty and 339 queries
Guessed correctly, used 20.4561754470 penalty and 323 queries
Guessed correctly, used 19.5826715335 penalty and 320 queries
Guessed correctly, used 16.0938999295 penalty and 327 queries
Guessed correctly, used 20.3443718318 penalty and 328 queries
Guessed correctly, used 19.2489563580 penalty and 338 queries
