Guessed correctly, used 17.5958433693 penalty and 297 queries
Guessed correctly, used 18.7578851694 penalty and 314 queries
Guessed correctly, used 19.4807907004 penalty and 322 queries
Guessed correctly, used 18.1059291999 penalty and 339 queries
Guessed correctly, used 18.2972186557 penalty and 326 queries
Guessed correctly, used 21.3628177773 penalty and 342 queries
Guessed correctly, used 20.5878884132 penalty and 341 queries
Guessed correctly, used 18.3022271961 penalty and 327 queries
Guessed correctly, used 22.9161393853 penalty and 345 queries
Guessed correctly, used 22.4044006737 penalty and 325 queries
Guessed correctly, used 17.4005933030 penalty and 323 queries
Guessed correctly, used 20.9085771228 penalty and 348 queries
Guessed correctly, used 21.3251431932 penalty and 354 queries
Guessed correctly, used 20.7651674322 penalty and 336 queries
Guessed correctly, used 18.9494706992 penalty and 324 queries
Guessed correctly, used 18.0404911050 penalty and 335 queries
Guessed correctly, used 24.5909625199 penalty and 335 queries
Guessed correctly, used 17.7865841419 penalty and 322 queries
Guessed correctly, used 21.8346428064 penalty and 335 queries
Guessed correctly, used 19.0554207524 penalty and 320 queries
Guessed correctly, used 20.5744290661 penalty and 326 queries
Guessed correctly, used 20.1273566681 penalty and 319 queries
Guessed correctly, used 18.8375153429 penalty and 312 queries
Guessed correctly, used 18.8756537790 penalty and 318 queries
Guessed correctly, used 17.5485183756 penalty and 327 queries
Guessed correctly, used 21.1596963069 penalty and 327 queries
Guessed correctly, used 19.9316211502 penalty and 342 queries
Guessed correctly, used 19.6986369729 penalty and 323 queries
Guessed correctly, used 22.1605668313 penalty and 344 queries
Guessed correctly, used 18.5202560930 penalty and 323 queries
