Guessed correctly, used 20.7608244841 penalty and 331 queries
Guessed correctly, used 18.4040472964 penalty and 326 queries
Guessed correctly, used 20.5348026560 penalty and 323 queries
Guessed correctly, used 19.2031050252 penalty and 319 queries
Guessed correctly, used 16.2565554842 penalty and 315 queries
Guessed correctly, used 19.8958849142 penalty and 351 queries
Guessed correctly, used 16.7522240737 penalty and 340 queries
Guessed correctly, used 20.7029788879 penalty and 344 queries
Guessed correctly, used 20.9925002220 penalty and 331 queries
Guessed correctly, used 17.0448871655 penalty and 323 queries
Guessed correctly, used 25.0400340587 penalty and 368 queries
Guessed correctly, used 18.5046414338 penalty and 339 queries
Guessed correctly, used 19.6490532041 penalty and 325 queries
Guessed correctly, used 18.5155772939 penalty and 331 queries
Guessed correctly, used 18.5341139059 penalty and 323 queries
Guessed correctly, used 17.6860520962 penalty and 328 queries
Guessed correctly, used 20.6986256305 penalty and 342 queries
Guessed correctly, used 18.9123321754 penalty and 330 queries
Guessed correctly, used 22.7792494884 penalty and 334 queries
Guessed correctly, used 18.3257593756 penalty and 338 queries
Guessed correctly, used 21.0671151054 penalty and 342 queries
Guessed correctly, used 19.2959621675 penalty and 321 queries
Guessed correctly, used 20.5903112372 penalty and 327 queries
Guessed correctly, used 21.8028327302 penalty and 343 queries
Guessed correctly, used 19.8348049177 penalty and 313 queries
Guessed correctly, used 16.8136203651 penalty and 324 queries
Guessed correctly, used 20.5283043060 penalty and 338 queries
Guessed correctly, used 18.4294207623 penalty and 324 queries
Guessed correctly, used 17.7735352779 penalty and 325 queries
Guessed correctly, used 21.7605906797 penalty and 356 queries
