Guessed correctly, used 20.8967859307 penalty and 341 queries
Guessed correctly, used 21.6415965839 penalty and 334 queries
Guessed correctly, used 20.2200228898 penalty and 326 queries
Guessed correctly, used 17.2925252889 penalty and 350 queries
Guessed correctly, used 24.6379946684 penalty and 341 queries
Guessed correctly, used 17.3884724127 penalty and 336 queries
Guessed correctly, used 17.6256321575 penalty and 330 queries
Guessed correctly, used 18.8253404135 penalty and 333 queries
Guessed correctly, used 22.7961354675 penalty and 339 queries
Guessed correctly, used 22.6310516888 penalty and 323 queries
Guessed correctly, used 21.0357186589 penalty and 341 queries
Guessed correctly, used 18.7084892317 penalty and 314 queries
Guessed correctly, used 15.5509973433 penalty and 311 queries
Guessed correctly, used 22.1392017631 penalty and 332 queries
Guessed correctly, used 18.8304666546 penalty and 338 queries
Guessed correctly, used 19.0769071140 penalty and 331 queries
Guessed correctly, used 19.8549419782 penalty and 327 queries
Guessed correctly, used 18.6796841349 penalty and 326 queries
Guessed correctly, used 19.8942762141 penalty and 331 queries
Guessed correctly, used 16.5526654910 penalty and 315 queries
Guessed correctly, used 22.2704294322 penalty and 329 queries
Guessed correctly, used 22.1912920412 penalty and 332 queries
Guessed correctly, used 19.9605829545 penalty and 331 queries
Guessed correctly, used 21.4661238958 penalty and 325 queries
Guessed correctly, used 20.6528988275 penalty and 340 queries
Guessed correctly, used 18.9413167080 penalty and 337 queries
Guessed correctly, used 19.3842510075 penalty and 327 queries
Guessed correctly, used 23.8794322273 penalty and 356 queries
Guessed correctly, used 21.4307643297 penalty and 320 queries
Guessed correctly, used 20.9702613272 penalty and 330 queries
