Guessed correctly, used 22.4751212519 penalty and 323 queries
Guessed correctly, used 16.4764642933 penalty and 316 queries
Guessed correctly, used 19.3742297939 penalty and 343 queries
Guessed correctly, used 20.6568584870 penalty and 325 queries
Guessed correctly, used 17.1394952658 penalty and 327 queries
Guessed correctly, used 22.8495415172 penalty and 346 queries
Guessed correctly, used 22.8410187978 penalty and 328 queries
Guessed correctly, used 17.9242562911 penalty and 323 queries
Guessed correctly, used 21.1284775667 penalty and 326 queries
Guessed correctly, used 19.7456322323 penalty and 327 queries
Guessed correctly, used 20.3746688421 penalty and 312 queries
Guessed correctly, used 15.1619159763 penalty and 308 queries
Guessed correctly, used 17.5618461137 penalty and 324 queries
Guessed correctly, used 20.2031619904 penalty and 328 queries
Guessed correctly, used 18.4624482142 penalty and 330 queries
Guessed correctly, used 19.8571043514 penalty and 340 queries
Guessed correctly, used 18.8726531087 penalty and 329 queries
Guessed correctly, used 17.1045719950 penalty and 337 queries
Guessed correctly, used 17.1300268855 penalty and 318 queries
Guessed correctly, used 22.0259290659 penalty and 331 queries
Guessed correctly, used 22.0566974377 penalty and 338 queries
Guessed correctly, used 20.2837575341 penalty and 321 queries
Guessed correctly, used 20.5941984399 penalty and 330 queries
Guessed correctly, used 16.2980883828 penalty and 332 queries
Guessed correctly, used 22.3549349058 penalty and 340 queries
Guessed correctly, used 20.1649187318 penalty and 345 queries
Guessed correctly, used 17.7478574716 penalty and 320 queries
Guessed correctly, used 18.5823131511 penalty and 329 queries
Guessed correctly, used 17.7420068358 penalty and 321 queries
Guessed correctly, used 22.6023059448 penalty and 319 queries
