Guessed correctly, used 18.9470140355 penalty and 348 queries
Guessed correctly, used 19.6404283604 penalty and 340 queries
Guessed correctly, used 17.1237973939 penalty and 314 queries
Guessed correctly, used 18.2059662993 penalty and 311 queries
Guessed correctly, used 18.5999031653 penalty and 318 queries
Guessed correctly, used 19.1113250110 penalty and 321 queries
Guessed correctly, used 18.3992076029 penalty and 314 queries
Guessed correctly, used 19.5107649930 penalty and 314 queries
Guessed correctly, used 19.2608597428 penalty and 314 queries
Guessed correctly, used 17.9371419882 penalty and 324 queries
Guessed correctly, used 20.0128091188 penalty and 331 queries
Guessed correctly, used 19.7407126570 penalty and 328 queries
Guessed correctly, used 21.1958786863 penalty and 317 queries
Guessed correctly, used 20.4624159603 penalty and 314 queries
Guessed correctly, used 19.5134029587 penalty and 328 queries
Guessed correctly, used 19.0088792786 penalty and 325 queries
Guessed correctly, used 18.4506245174 penalty and 334 queries
Guessed correctly, used 21.5785235271 penalty and 333 queries
Guessed correctly, used 16.4304201701 penalty and 319 queries
Guessed correctly, used 17.6883640540 penalty and 331 queries
Guessed correctly, used 21.7697694212 penalty and 337 queries
Guessed correctly, used 17.3408597362 penalty and 313 queries
Guessed correctly, used 19.3512264087 penalty and 329 queries
Guessed correctly, used 19.3200343526 penalty and 343 queries
Guessed correctly, used 18.5919645993 penalty and 322 queries
Guessed correctly, used 21.7532337006 penalty and 338 queries
Guessed correctly, used 17.9288600542 penalty and 327 queries
Guessed correctly, used 18.1525138644 penalty and 338 queries
Guessed correctly, used 23.4437903581 penalty and 329 queries
Guessed correctly, used 18.9132244353 penalty and 332 queries
