Guessed correctly, used 20.5821161345 penalty and 339 queries
Guessed correctly, used 19.2464068152 penalty and 347 queries
Guessed correctly, used 16.6086878439 penalty and 331 queries
Guessed correctly, used 18.8119116854 penalty and 322 queries
Guessed correctly, used 20.6388297814 penalty and 336 queries
Guessed correctly, used 19.8769293960 penalty and 318 queries
Guessed correctly, used 19.3447755040 penalty and 329 queries
Guessed correctly, used 23.0769952126 penalty and 325 queries
Guessed correctly, used 20.0707413167 penalty and 320 queries
Guessed correctly, used 19.2870586443 penalty and 342 queries
Guessed correctly, used 18.2811542929 penalty and 324 queries
Guessed correctly, used 22.9602074718 penalty and 338 queries
Guessed correctly, used 19.2489177667 penalty and 326 queries
Guessed correctly, used 19.2053833424 penalty and 307 queries
Guessed correctly, used 18.6860885936 penalty and 328 queries
Guessed correctly, used 22.1069144847 penalty and 326 queries
Guessed correctly, used 17.5114954493 penalty and 308 queries
Guessed correctly, used 21.1864128834 penalty and 330 queries
Guessed correctly, used 18.1553478000 penalty and 322 queries
Guessed correctly, used 19.0858580227 penalty and 351 queries
Guessed correctly, used 21.1084993628 penalty and 337 queries
Guessed correctly, used 17.7485836996 penalty and 317 queries
Guessed correctly, used 17.2926539810 penalty and 334 queries
Guessed correctly, used 18.7919856508 penalty and 336 queries
Guessed correctly, used 17.0621442091 penalty and 322 queries
Guessed correctly, used 20.4825832487 penalty and 351 queries
Guessed correctly, used 15.8908500014 penalty and 316 queries
Guessed correctly, used 18.6541802676 penalty and 313 queries
Guessed correctly, used 17.1766771936 penalty and 333 queries
Guessed correctly, used 17.7337817223 penalty and 342 queries
