Guessed correctly, used 21.7468088841 penalty and 325 queries
Guessed correctly, used 18.2476452686 penalty and 326 queries
Guessed correctly, used 18.8758616235 penalty and 331 queries
Guessed correctly, used 19.6545222723 penalty and 338 queries
Guessed correctly, used 19.1215239026 penalty and 324 queries
Guessed correctly, used 19.6330394285 penalty and 336 queries
Guessed correctly, used 19.7775145943 penalty and 317 queries
Guessed correctly, used 20.3694694319 penalty and 330 queries
Guessed correctly, used 18.3192933779 penalty and 316 queries
Guessed correctly, used 17.8809003310 penalty and 336 queries
Guessed correctly, used 19.8999408016 penalty and 321 queries
Guessed correctly, used 17.4615185622 penalty and 321 queries
Guessed correctly, used 22.0044337946 penalty and 331 queries
Guessed correctly, used 17.3966225850 penalty and 319 queries
Guessed correctly, used 21.1679792774 penalty and 330 queries
Guessed correctly, used 19.3042876215 penalty and 313 queries
Guessed correctly, used 18.5821829923 penalty and 325 queries
Guessed correctly, used 17.0643475529 penalty and 312 queries
Guessed correctly, used 20.4633437750 penalty and 320 queries
Guessed correctly, used 19.7519596433 penalty and 319 queries
Guessed correctly, used 18.8157872810 penalty and 312 queries
Guessed correctly, used 19.4898359745 penalty and 332 queries
Guessed correctly, used 22.3136322878 penalty and 333 queries
Guessed correctly, used 19.8166718485 penalty and 336 queries
Guessed correctly, used 18.5489567276 penalty and 330 queries
Guessed correctly, used 16.1871778661 penalty and 330 queries
Guessed correctly, used 19.9027610255 penalty and 334 queries
Guessed correctly, used 20.8102963473 penalty and 342 queries
Guessed correctly, used 20.0883222982 penalty and 324 queries
Guessed correctly, used 20.1094811151 penalty and 332 queries
