Guessed correctly, used 19.8994338840 penalty and 330 queries
Guessed correctly, used 21.0283935654 penalty and 315 queries
Guessed correctly, used 17.0285448754 penalty and 320 queries
Guessed correctly, used 18.4488252555 penalty and 335 queries
Guessed correctly, used 20.0564347099 penalty and 358 queries
Guessed correctly, used 18.7062719147 penalty and 339 queries
Guessed correctly, used 20.0694312871 penalty and 338 queries
Guessed correctly, used 19.4132946942 penalty and 330 queries
Guessed correctly, used 20.1283985343 penalty and 334 queries
Guessed correctly, used 23.0679634009 penalty and 326 queries
Guessed correctly, used 17.0349600993 penalty and 319 queries
Guessed correctly, used 17.2357589460 penalty and 328 queries
Guessed correctly, used 20.4146321128 penalty and 336 queries
Guessed correctly, used 19.1169268648 penalty and 355 queries
Guessed correctly, used 17.4489644559 penalty and 319 queries
Guessed correctly, used 16.9490384744 penalty and 337 queries
Guessed correctly, used 18.7495270200 penalty and 336 queries
Guessed correctly, used 16.8289653916 penalty and 326 queries
Guessed correctly, used 17.3932445763 penalty and 317 queries
Guessed correctly, used 19.3735288775 penalty and 329 queries
Guessed correctly, used 20.9285069068 penalty and 340 queries
Guessed correctly, used 19.9269232206 penalty and 336 queries
Guessed correctly, used 19.1142435819 penalty and 316 queries
Guessed correctly, used 20.4455843249 penalty and 308 queries
Guessed correctly, used 15.5221237417 penalty and 323 queries
Guessed correctly, used 18.6597682079 penalty and 335 queries
Guessed correctly, used 17.5868434074 penalty and 312 queries
Guessed correctly, used 19.5727442954 penalty and 331 queries
Guessed correctly, used 18.6772456995 penalty and 328 queries
Guessed correctly, used 22.4696455435 penalty and 334 queries
