Guessed correctly, used 22.3210086889 penalty and 353 queries
Guessed correctly, used 20.6158949645 penalty and 316 queries
Guessed correctly, used 18.8008367737 penalty and 341 queries
Guessed correctly, used 21.6218728987 penalty and 324 queries
Guessed correctly, used 20.3601257307 penalty and 342 queries
Guessed correctly, used 16.0256202622 penalty and 306 queries
Guessed correctly, used 18.5809492661 penalty and 342 queries
Guessed correctly, used 21.1648438532 penalty and 328 queries
Guessed correctly, used 18.5721685085 penalty and 342 queries
Guessed correctly, used 20.8766206081 penalty and 343 queries
Guessed correctly, used 20.4323631182 penalty and 335 queries
Guessed correctly, used 21.8885633932 penalty and 336 queries
Guessed correctly, used 21.0279685285 penalty and 339 queries
Guessed correctly, used 21.0638892501 penalty and 334 queries
Guessed correctly, used 17.1475271788 penalty and 335 queries
Guessed correctly, used 18.3591229531 penalty and 336 queries
Guessed correctly, used 19.8023346146 penalty and 321 queries
Guessed correctly, used 20.3470374325 penalty and 323 queries
Guessed correctly, used 19.2502032689 penalty and 331 queries
Guessed correctly, used 20.3451104302 penalty and 330 queries
Guessed correctly, used 20.8976550758 penalty and 321 queries
Guessed correctly, used 23.0521835143 penalty and 336 queries
Guessed correctly, used 19.1749242878 penalty and 318 queries
Guessed correctly, used 19.8260072628 penalty and 318 queries
Guessed correctly, used 21.5092105572 penalty and 326 queries
Guessed correctly, used 22.5034448499 penalty and 338 queries
Guessed correctly, used 21.6234118637 penalty and 328 queries
Guessed correctly, used 18.3545600603 penalty and 322 queries
Guessed correctly, used 21.1444876601 penalty and 343 queries
Guessed correctly, used 20.7472401076 penalty and 344 queries
