Guessed correctly, used 20.6914470313 penalty and 327 queries
Guessed correctly, used 18.0892986135 penalty and 326 queries
Guessed correctly, used 21.2042555432 penalty and 334 queries
Guessed correctly, used 17.9367585828 penalty and 329 queries
Guessed correctly, used 18.0965351771 penalty and 326 queries
Guessed correctly, used 21.4272662779 penalty and 352 queries
Guessed correctly, used 18.6930290252 penalty and 340 queries
Guessed correctly, used 21.0443354005 penalty and 356 queries
Guessed correctly, used 18.4176455216 penalty and 328 queries
Guessed correctly, used 18.8710515488 penalty and 325 queries
Guessed correctly, used 23.0681236844 penalty and 342 queries
Guessed correctly, used 17.0084570429 penalty and 344 queries
Guessed correctly, used 20.6624815133 penalty and 334 queries
Guessed correctly, used 21.0501507632 penalty and 325 queries
Guessed correctly, used 19.9093697208 penalty and 345 queries
Guessed correctly, used 17.3525109046 penalty and 332 queries
Guessed correctly, used 22.8763385914 penalty and 332 queries
Guessed correctly, used 19.2769439997 penalty and 359 queries
Guessed correctly, used 20.2105661413 penalty and 344 queries
Guessed correctly, used 20.8106819679 penalty and 327 queries
Guessed correctly, used 18.7053453955 penalty and 323 queries
Guessed correctly, used 18.2904059706 penalty and 321 queries
Guessed correctly, used 20.2307072751 penalty and 328 queries
Guessed correctly, used 24.9577492188 penalty and 353 queries
Guessed correctly, used 15.6068802091 penalty and 324 queries
Guessed correctly, used 17.5688232130 penalty and 316 queries
Guessed correctly, used 16.1983251606 penalty and 315 queries
Guessed correctly, used 19.4898609733 penalty and 345 queries
Guessed correctly, used 22.4878131797 penalty and 329 queries
Guessed correctly, used 21.2221271659 penalty and 335 queries
