Guessed correctly, used 21.5334967266 penalty and 332 queries
Guessed correctly, used 18.1355541177 penalty and 350 queries
Guessed correctly, used 19.3330379106 penalty and 329 queries
Guessed correctly, used 18.0384303013 penalty and 307 queries
Guessed correctly, used 17.4317727769 penalty and 320 queries
Guessed correctly, used 19.6690147421 penalty and 334 queries
Guessed correctly, used 21.5395568662 penalty and 330 queries
Guessed correctly, used 21.1531802158 penalty and 343 queries
Guessed correctly, used 18.3753088229 penalty and 334 queries
Guessed correctly, used 18.1726109666 penalty and 328 queries
Guessed correctly, used 19.8295704003 penalty and 347 queries
Guessed correctly, used 20.7690193139 penalty and 334 queries
Guessed correctly, used 18.2231757285 penalty and 341 queries
Guessed correctly, used 20.2241056979 penalty and 323 queries
Guessed correctly, used 16.8849248411 penalty and 308 queries
Guessed correctly, used 17.8082960910 penalty and 328 queries
Guessed correctly, used 18.4123637380 penalty and 343 queries
Guessed correctly, used 19.6368911961 penalty and 333 queries
Guessed correctly, used 17.9359038800 penalty and 339 queries
Guessed correctly, used 21.2563397002 penalty and 306 queries
Guessed correctly, used 21.4490707594 penalty and 348 queries
Guessed correctly, used 17.9901758225 penalty and 324 queries
Guessed correctly, used 20.4147066826 penalty and 318 queries
Guessed correctly, used 21.0026409722 penalty and 315 queries
Guessed correctly, used 22.5630016611 penalty and 323 queries
Guessed correctly, used 20.1735980242 penalty and 323 queries
Guessed correctly, used 20.0174793377 penalty and 318 queries
Guessed correctly, used 17.6111204876 penalty and 317 queries
Guessed correctly, used 19.7884360262 penalty and 324 queries
Guessed correctly, used 16.8306610233 penalty and 305 queries
