Guessed correctly, used 21.2440232913 penalty and 332 queries
Guessed correctly, used 19.6789151958 penalty and 339 queries
Guessed correctly, used 23.8069460131 penalty and 346 queries
Guessed correctly, used 17.4421444960 penalty and 342 queries
Guessed correctly, used 18.9446680513 penalty and 319 queries
Guessed correctly, used 18.7034616583 penalty and 341 queries
Guessed correctly, used 21.0080957223 penalty and 332 queries
Guessed correctly, used 17.0218717677 penalty and 332 queries
Guessed correctly, used 21.4460099289 penalty and 329 queries
Guessed correctly, used 21.5897349470 penalty and 326 queries
Guessed correctly, used 19.8853390271 penalty and 342 queries
Guessed correctly, used 17.6573144128 penalty and 323 queries
Guessed correctly, used 17.9480757034 penalty and 321 queries
Guessed correctly, used 20.0482114279 penalty and 325 queries
Guessed correctly, used 21.2173243636 penalty and 325 queries
Guessed correctly, used 18.1945334756 penalty and 335 queries
Guessed correctly, used 20.9468433217 penalty and 340 queries
Guessed correctly, used 18.8501631810 penalty and 326 queries
Guessed correctly, used 21.7401206860 penalty and 343 queries
Guessed correctly, used 21.6528569128 penalty and 345 queries
Guessed correctly, used 17.2744064907 penalty and 316 queries
Guessed correctly, used 17.3147826477 penalty and 333 queries
Guessed correctly, used 22.2849384069 penalty and 366 queries
Guessed correctly, used 19.5626163890 penalty and 339 queries
Guessed correctly, used 19.0388509991 penalty and 334 queries
Guessed correctly, used 19.1527515449 penalty and 342 queries
Guessed correctly, used 19.2837210965 penalty and 339 queries
Guessed correctly, used 18.0434405052 penalty and 336 queries
Guessed correctly, used 16.8333948065 penalty and 328 queries
Guessed correctly, used 19.1514837254 penalty and 322 queries
