Guessed correctly, used 20.0447477400 penalty and 323 queries
Guessed correctly, used 19.9635084589 penalty and 333 queries
Guessed correctly, used 18.3632386854 penalty and 327 queries
Guessed correctly, used 18.2499747570 penalty and 325 queries
Guessed correctly, used 21.0339450313 penalty and 351 queries
Guessed correctly, used 16.1119364921 penalty and 322 queries
Guessed correctly, used 17.7963909965 penalty and 337 queries
Guessed correctly, used 17.4248729843 penalty and 329 queries
Guessed correctly, used 18.4136479731 penalty and 332 queries
Guessed correctly, used 20.1113052482 penalty and 338 queries
Guessed correctly, used 23.3178149696 penalty and 341 queries
Guessed correctly, used 22.7841885604 penalty and 351 queries
Guessed correctly, used 20.4604629095 penalty and 338 queries
Guessed correctly, used 19.3014033912 penalty and 334 queries
Guessed correctly, used 20.3842767980 penalty and 323 queries
Guessed correctly, used 18.1612560188 penalty and 315 queries
Guessed correctly, used 16.4950129765 penalty and 307 queries
Guessed correctly, used 17.9009192535 penalty and 321 queries
Guessed correctly, used 19.3810490859 penalty and 346 queries
Guessed correctly, used 17.7538786518 penalty and 332 queries
Guessed correctly, used 21.1854724071 penalty and 355 queries
Guessed correctly, used 21.4874514872 penalty and 327 queries
Guessed correctly, used 18.6696761985 penalty and 364 queries
Guessed correctly, used 21.1725391080 penalty and 333 queries
Guessed correctly, used 17.8426811359 penalty and 349 queries
Guessed correctly, used 19.5900127802 penalty and 327 queries
Guessed correctly, used 17.4287751829 penalty and 318 queries
Guessed correctly, used 21.6533961005 penalty and 349 queries
Guessed correctly, used 17.0243324081 penalty and 319 queries
Guessed correctly, used 23.4526581361 penalty and 337 queries
