Guessed correctly, used 20.0537425730 penalty and 332 queries
Guessed correctly, used 19.8605649789 penalty and 331 queries
Guessed correctly, used 19.4162386562 penalty and 330 queries
Guessed correctly, used 20.1667420355 penalty and 333 queries
Guessed correctly, used 19.3953817215 penalty and 325 queries
Guessed correctly, used 19.0446474914 penalty and 323 queries
Guessed correctly, used 24.1403789010 penalty and 325 queries
Guessed correctly, used 18.3279527742 penalty and 321 queries
Guessed correctly, used 16.6411321339 penalty and 324 queries
Guessed correctly, used 20.1684415740 penalty and 312 queries
Guessed correctly, used 18.7051024458 penalty and 331 queries
Guessed correctly, used 22.3772635344 penalty and 330 queries
Guessed correctly, used 18.8095580044 penalty and 337 queries
Guessed correctly, used 18.6447587740 penalty and 329 queries
Guessed correctly, used 22.0029978376 penalty and 319 queries
Guessed correctly, used 16.4024667410 penalty and 306 queries
Guessed correctly, used 19.0962683282 penalty and 326 queries
Guessed correctly, used 22.8581132633 penalty and 327 queries
Guessed correctly, used 20.0214006654 penalty and 349 queries
Guessed correctly, used 26.9133037314 penalty and 318 queries
Guessed correctly, used 20.8453916067 penalty and 325 queries
Guessed correctly, used 18.6414135031 penalty and 343 queries
Guessed correctly, used 17.8104518725 penalty and 328 queries
Guessed correctly, used 17.6438540627 penalty and 335 queries
Guessed correctly, used 16.8291318571 penalty and 325 queries
Guessed correctly, used 19.7763448971 penalty and 319 queries
Guessed correctly, used 18.1742619193 penalty and 339 queries
Guessed correctly, used 19.7893017292 penalty and 345 queries
Guessed correctly, used 23.6635351148 penalty and 332 queries
Guessed correctly, used 17.2056008232 penalty and 328 queries
