Guessed correctly, used 18.7389393231 penalty and 330 queries
Guessed correctly, used 18.9560734491 penalty and 340 queries
Guessed correctly, used 19.0880986754 penalty and 334 queries
Guessed correctly, used 20.4679738659 penalty and 339 queries
Guessed correctly, used 22.0372932348 penalty and 333 queries
Guessed correctly, used 18.3140138058 penalty and 324 queries
Guessed correctly, used 24.5807677576 penalty and 355 queries
Guessed correctly, used 21.9062183838 penalty and 330 queries
Guessed correctly, used 20.5126247309 penalty and 326 queries
Guessed correctly, used 19.1119091474 penalty and 345 queries
Guessed correctly, used 18.2013952231 penalty and 335 queries
Guessed correctly, used 23.8135186139 penalty and 343 queries
Guessed correctly, used 17.3077308625 penalty and 330 queries
Guessed correctly, used 18.7070855427 penalty and 329 queries
Guessed correctly, used 18.4616534474 penalty and 312 queries
Guessed correctly, used 16.4647142587 penalty and 337 queries
Guessed correctly, used 18.1542078016 penalty and 347 queries
Guessed correctly, used 16.7046409712 penalty and 312 queries
Guessed correctly, used 20.6684843230 penalty and 336 queries
Guessed correctly, used 17.1223911647 penalty and 321 queries
Guessed correctly, used 18.7167838653 penalty and 332 queries
Guessed correctly, used 19.6949781135 penalty and 326 queries
Guessed correctly, used 22.0294974681 penalty and 323 queries
Guessed correctly, used 18.9587324579 penalty and 328 queries
Guessed correctly, used 19.9380385714 penalty and 333 queries
Guessed correctly, used 20.9445538965 penalty and 342 queries
Guessed correctly, used 19.8582871070 penalty and 319 queries
Guessed correctly, used 18.6510924884 penalty and 319 queries
Guessed correctly, used 18.8968776035 penalty and 329 queries
Guessed correctly, used 21.2592621294 penalty and 328 queries
